🚀 Démarrage du microservice Alertes...
✅ Table des alertes initialisée avec succès
⏰ Vérification des alertes toutes les 60 secondes...
⏳ Aucune mesure récente à vérifier
🔍 Vérification de 3 mesure(s) récente(s)...
✅ Toutes les mesures sont dans les normes
🔍 Vérification de 3 mesure(s) récente(s)...
✅ Toutes les mesures sont dans les normes
🔍 Vérification de 3 mesure(s) récente(s)...
✅ Toutes les mesures sont dans les normes
🔍 Vérification de 3 mesure(s) récente(s)...
✅ Toutes les mesures sont dans les normes
🔍 Vérification de 3 mesure(s) récente(s)...
✅ Toutes les mesures sont dans les normes
🔍 Vérification de 3 mesure(s) récente(s)...
✅ Toutes les mesures sont dans les normes
🔍 Vérification de 3 mesure(s) récente(s)...

🚨 ===== ALERTE DÉTECTÉE =====
📧 EMAIL envoyé à: admin@aquawatch.local
📱 SMS envoyé à: +33 6 12 34 56 78
📍 Capteur: sensor-1
⚠️  Paramètre: PH
📊 Valeur: 9.81 (Seuil: 8.5)
🔴 Sévérité: CRITIQUE
💬 Message: pH hors norme: 9.81 pH (seuil: 6.5-8.5 pH)
🕐 Timestamp: 14/12/2025 20:41:56
================================


🚨 ===== ALERTE DÉTECTÉE =====
📧 EMAIL envoyé à: admin@aquawatch.local
📱 SMS envoyé à: +33 6 12 34 56 78
📍 Capteur: sensor-3
⚠️  Paramètre: CONDUCTIVITY
📊 Valeur: 4915.51 (Seuil: 2500)
🔴 Sévérité: WARNING
💬 Message: Conductivité élevée: 4915.51 µS/cm (seuil max: 2500 µS/cm)
🕐 Timestamp: 14/12/2025 20:41:56
================================

🔍 Vérification de 3 mesure(s) récente(s)...
✅ Toutes les mesures sont dans les normes
🔍 Vérification de 3 mesure(s) récente(s)...
✅ Toutes les mesures sont dans les normes
🔍 Vérification de 3 mesure(s) récente(s)...
✅ Toutes les mesures sont dans les normes
🔍 Vérification de 3 mesure(s) récente(s)...
✅ Toutes les mesures sont dans les normes
🔍 Vérification de 3 mesure(s) récente(s)...
✅ Toutes les mesures sont dans les normes
🔍 Vérification de 3 mesure(s) récente(s)...
✅ Toutes les mesures sont dans les normes
🔍 Vérification de 3 mesure(s) récente(s)...
✅ Toutes les mesures sont dans les normes
🔍 Vérification de 3 mesure(s) récente(s)...
✅ Toutes les mesures sont dans les normes
🔍 Vérification de 3 mesure(s) récente(s)...
✅ Toutes les mesures sont dans les normes
🔍 Vérification de 3 mesure(s) récente(s)...
✅ Toutes les mesures sont dans les normes
🔍 Vérification de 3 mesure(s) récente(s)...

🚨 ===== ALERTE DÉTECTÉE =====
📧 EMAIL envoyé à: admin@aquawatch.local
📱 SMS envoyé à: +33 6 12 34 56 78
📍 Capteur: sensor-2
⚠️  Paramètre: TEMPERATURE
📊 Valeur: -2.46 (Seuil: 0)
🔴 Sévérité: WARNING
💬 Message: Température hors norme: -2.46 °C (seuil: 0-30 °C)
🕐 Timestamp: 14/12/2025 20:52:59
================================

🔍 Vérification de 3 mesure(s) récente(s)...
✅ Toutes les mesures sont dans les normes
🔍 Vérification de 3 mesure(s) récente(s)...
✅ Toutes les mesures sont dans les normes
🔍 Vérification de 3 mesure(s) récente(s)...
✅ Toutes les mesures sont dans les normes
🔍 Vérification de 3 mesure(s) récente(s)...
✅ Toutes les mesures sont dans les normes
🔍 Vérification de 3 mesure(s) récente(s)...
✅ Toutes les mesures sont dans les normes
🔍 Vérification de 3 mesure(s) récente(s)...
✅ Toutes les mesures sont dans les normes
🔍 Vérification de 3 mesure(s) récente(s)...
✅ Toutes les mesures sont dans les normes
🔍 Vérification de 3 mesure(s) récente(s)...
✅ Toutes les mesures sont dans les normes
🔍 Vérification de 3 mesure(s) récente(s)...
✅ Toutes les mesures sont dans les normes
🔍 Vérification de 3 mesure(s) récente(s)...
✅ Toutes les mesures sont dans les normes
🔍 Vérification de 3 mesure(s) récente(s)...
✅ Toutes les mesures sont dans les normes
🔍 Vérification de 3 mesure(s) récente(s)...
✅ Toutes les mesures sont dans les normes
🔍 Vérification de 3 mesure(s) récente(s)...
✅ Toutes les mesures sont dans les normes
🔍 Vérification de 3 mesure(s) récente(s)...
✅ Toutes les mesures sont dans les normes
🔍 Vérification de 3 mesure(s) récente(s)...
✅ Toutes les mesures sont dans les normes
🔍 Vérification de 3 mesure(s) récente(s)...
✅ Toutes les mesures sont dans les normes
🔍 Vérification de 3 mesure(s) récente(s)...
✅ Toutes les mesures sont dans les normes
🔍 Vérification de 3 mesure(s) récente(s)...
✅ Toutes les mesures sont dans les normes
🔍 Vérification de 3 mesure(s) récente(s)...
✅ Toutes les mesures sont dans les normes
🔍 Vérification de 3 mesure(s) récente(s)...
✅ Toutes les mesures sont dans les normes
🔍 Vérification de 3 mesure(s) récente(s)...
✅ Toutes les mesures sont dans les normes
🔍 Vérification de 3 mesure(s) récente(s)...
✅ Toutes les mesures sont dans les normes
🔍 Vérification de 3 mesure(s) récente(s)...
✅ Toutes les mesures sont dans les normes
🔍 Vérification de 3 mesure(s) récente(s)...
✅ Toutes les mesures sont dans les normes
🔍 Vérification de 3 mesure(s) récente(s)...
✅ Toutes les mesures sont dans les normes
🔍 Vérification de 3 mesure(s) récente(s)...
✅ Toutes les mesures sont dans les normes
🔍 Vérification de 3 mesure(s) récente(s)...
✅ Toutes les mesures sont dans les normes
🔍 Vérification de 3 mesure(s) récente(s)...
✅ Toutes les mesures sont dans les normes
🔍 Vérification de 3 mesure(s) récente(s)...
✅ Toutes les mesures sont dans les normes
🔍 Vérification de 3 mesure(s) récente(s)...
✅ Toutes les mesures sont dans les normes
🔍 Vérification de 3 mesure(s) récente(s)...
✅ Toutes les mesures sont dans les normes
🔍 Vérification de 3 mesure(s) récente(s)...
✅ Toutes les mesures sont dans les normes
🔍 Vérification de 3 mesure(s) récente(s)...
✅ Toutes les mesures sont dans les normes
🔍 Vérification de 3 mesure(s) récente(s)...
✅ Toutes les mesures sont dans les normes
🔍 Vérification de 3 mesure(s) récente(s)...
✅ Toutes les mesures sont dans les normes
🔍 Vérification de 3 mesure(s) récente(s)...
✅ Toutes les mesures sont dans les normes
🔍 Vérification de 3 mesure(s) récente(s)...
✅ Toutes les mesures sont dans les normes
🔍 Vérification de 3 mesure(s) récente(s)...
✅ Toutes les mesures sont dans les normes
🔍 Vérification de 3 mesure(s) récente(s)...
✅ Toutes les mesures sont dans les normes
🔍 Vérification de 3 mesure(s) récente(s)...
✅ Toutes les mesures sont dans les normes
🔍 Vérification de 3 mesure(s) récente(s)...
✅ Toutes les mesures sont dans les normes
🔍 Vérification de 3 mesure(s) récente(s)...
✅ Toutes les mesures sont dans les normes
🔍 Vérification de 3 mesure(s) récente(s)...
✅ Toutes les mesures sont dans les normes
🔍 Vérification de 3 mesure(s) récente(s)...
✅ Toutes les mesures sont dans les normes
🔍 Vérification de 3 mesure(s) récente(s)...
✅ Toutes les mesures sont dans les normes
🔍 Vérification de 3 mesure(s) récente(s)...
✅ Toutes les mesures sont dans les normes
🔍 Vérification de 3 mesure(s) récente(s)...
✅ Toutes les mesures sont dans les normes
🔍 Vérification de 3 mesure(s) récente(s)...
✅ Toutes les mesures sont dans les normes
🔍 Vérification de 3 mesure(s) récente(s)...
✅ Toutes les mesures sont dans les normes
🔍 Vérification de 3 mesure(s) récente(s)...
✅ Toutes les mesures sont dans les normes
🔍 Vérification de 3 mesure(s) récente(s)...
✅ Toutes les mesures sont dans les normes
🔍 Vérification de 3 mesure(s) récente(s)...
✅ Toutes les mesures sont dans les normes
🔍 Vérification de 3 mesure(s) récente(s)...
✅ Toutes les mesures sont dans les normes
🔍 Vérification de 3 mesure(s) récente(s)...
✅ Toutes les mesures sont dans les normes
🔍 Vérification de 3 mesure(s) récente(s)...
✅ Toutes les mesures sont dans les normes
🔍 Vérification de 3 mesure(s) récente(s)...
✅ Toutes les mesures sont dans les normes
🔍 Vérification de 3 mesure(s) récente(s)...
✅ Toutes les mesures sont dans les normes
🔍 Vérification de 3 mesure(s) récente(s)...
✅ Toutes les mesures sont dans les normes
🔍 Vérification de 3 mesure(s) récente(s)...
✅ Toutes les mesures sont dans les normes
🔍 Vérification de 3 mesure(s) récente(s)...
✅ Toutes les mesures sont dans les normes
🔍 Vérification de 3 mesure(s) récente(s)...
✅ Toutes les mesures sont dans les normes
🔍 Vérification de 3 mesure(s) récente(s)...
✅ Toutes les mesures sont dans les normes
🔍 Vérification de 3 mesure(s) récente(s)...
✅ Toutes les mesures sont dans les normes
🔍 Vérification de 3 mesure(s) récente(s)...
✅ Toutes les mesures sont dans les normes
🔍 Vérification de 3 mesure(s) récente(s)...

🚨 ===== ALERTE DÉTECTÉE =====
📧 EMAIL envoyé à: admin@aquawatch.local
📱 SMS envoyé à: +33 6 12 34 56 78
📍 Capteur: sensor-1
⚠️  Paramètre: PH
📊 Valeur: 3.5 (Seuil: 6.5)
🔴 Sévérité: CRITIQUE
💬 Message: pH hors norme: 3.50 pH (seuil: 6.5-8.5 pH)
🕐 Timestamp: 14/12/2025 21:57:59
================================

🔍 Vérification de 3 mesure(s) récente(s)...
✅ Toutes les mesures sont dans les normes
🔍 Vérification de 3 mesure(s) récente(s)...
✅ Toutes les mesures sont dans les normes
🔍 Vérification de 3 mesure(s) récente(s)...
✅ Toutes les mesures sont dans les normes
🔍 Vérification de 3 mesure(s) récente(s)...

🚨 ===== ALERTE DÉTECTÉE =====
📧 EMAIL envoyé à: admin@aquawatch.local
📱 SMS envoyé à: +33 6 12 34 56 78
📍 Capteur: sensor-1
⚠️  Paramètre: TURBIDITY
📊 Valeur: 11.4 (Seuil: 5)
🔴 Sévérité: CRITIQUE
💬 Message: Turbidité élevée: 11.40 NTU (seuil max: 5 NTU)
🕐 Timestamp: 14/12/2025 22:02:00
================================

🔍 Vérification de 3 mesure(s) récente(s)...

🚨 ===== ALERTE DÉTECTÉE =====
📧 EMAIL envoyé à: admin@aquawatch.local
📱 SMS envoyé à: +33 6 12 34 56 78
📍 Capteur: sensor-2
⚠️  Paramètre: CONDUCTIVITY
📊 Valeur: 3819.18 (Seuil: 2500)
🔴 Sévérité: WARNING
💬 Message: Conductivité élevée: 3819.18 µS/cm (seuil max: 2500 µS/cm)
🕐 Timestamp: 14/12/2025 22:03:00
================================

🔍 Vérification de 3 mesure(s) récente(s)...

🚨 ===== ALERTE DÉTECTÉE =====
📧 EMAIL envoyé à: admin@aquawatch.local
📱 SMS envoyé à: +33 6 12 34 56 78
📍 Capteur: sensor-2
⚠️  Paramètre: TURBIDITY
📊 Valeur: 9.01 (Seuil: 5)
🔴 Sévérité: WARNING
💬 Message: Turbidité élevée: 9.01 NTU (seuil max: 5 NTU)
🕐 Timestamp: 14/12/2025 22:04:00
================================

🔍 Vérification de 3 mesure(s) récente(s)...

🚨 ===== ALERTE DÉTECTÉE =====
📧 EMAIL envoyé à: admin@aquawatch.local
📱 SMS envoyé à: +33 6 12 34 56 78
📍 Capteur: sensor-3
⚠️  Paramètre: CONDUCTIVITY
📊 Valeur: 4290.57 (Seuil: 2500)
🔴 Sévérité: WARNING
💬 Message: Conductivité élevée: 4290.57 µS/cm (seuil max: 2500 µS/cm)
🕐 Timestamp: 14/12/2025 22:05:00
================================

🔍 Vérification de 3 mesure(s) récente(s)...
✅ Toutes les mesures sont dans les normes
🔍 Vérification de 3 mesure(s) récente(s)...
✅ Toutes les mesures sont dans les normes
🔍 Vérification de 3 mesure(s) récente(s)...
✅ Toutes les mesures sont dans les normes
🔍 Vérification de 3 mesure(s) récente(s)...
✅ Toutes les mesures sont dans les normes
🔍 Vérification de 3 mesure(s) récente(s)...
✅ Toutes les mesures sont dans les normes
🔍 Vérification de 3 mesure(s) récente(s)...
✅ Toutes les mesures sont dans les normes
🔍 Vérification de 3 mesure(s) récente(s)...
✅ Toutes les mesures sont dans les normes
🔍 Vérification de 3 mesure(s) récente(s)...
✅ Toutes les mesures sont dans les normes
🔍 Vérification de 3 mesure(s) récente(s)...

🚨 ===== ALERTE DÉTECTÉE =====
📧 EMAIL envoyé à: admin@aquawatch.local
📱 SMS envoyé à: +33 6 12 34 56 78
📍 Capteur: sensor-3
⚠️  Paramètre: PH
📊 Valeur: 3.89 (Seuil: 6.5)
🔴 Sévérité: CRITIQUE
💬 Message: pH hors norme: 3.89 pH (seuil: 6.5-8.5 pH)
🕐 Timestamp: 14/12/2025 22:13:56
================================

🔍 Vérification de 3 mesure(s) récente(s)...
✅ Toutes les mesures sont dans les normes
🔍 Vérification de 3 mesure(s) récente(s)...
✅ Toutes les mesures sont dans les normes
🔍 Vérification de 3 mesure(s) récente(s)...
✅ Toutes les mesures sont dans les normes
🔍 Vérification de 3 mesure(s) récente(s)...
✅ Toutes les mesures sont dans les normes
🔍 Vérification de 3 mesure(s) récente(s)...
✅ Toutes les mesures sont dans les normes
🔍 Vérification de 3 mesure(s) récente(s)...

🚨 ===== ALERTE DÉTECTÉE =====
📧 EMAIL envoyé à: admin@aquawatch.local
📱 SMS envoyé à: +33 6 12 34 56 78
📍 Capteur: sensor-2
⚠️  Paramètre: TEMPERATURE
📊 Valeur: -2.03 (Seuil: 0)
🔴 Sévérité: WARNING
💬 Message: Température hors norme: -2.03 °C (seuil: 0-30 °C)
🕐 Timestamp: 14/12/2025 22:19:56
================================

🔍 Vérification de 3 mesure(s) récente(s)...
✅ Toutes les mesures sont dans les normes
🔍 Vérification de 3 mesure(s) récente(s)...
✅ Toutes les mesures sont dans les normes
🔍 Vérification de 3 mesure(s) récente(s)...
✅ Toutes les mesures sont dans les normes
🔍 Vérification de 3 mesure(s) récente(s)...
✅ Toutes les mesures sont dans les normes
🔍 Vérification de 3 mesure(s) récente(s)...
✅ Toutes les mesures sont dans les normes
🔍 Vérification de 3 mesure(s) récente(s)...
✅ Toutes les mesures sont dans les normes
🔍 Vérification de 3 mesure(s) récente(s)...
✅ Toutes les mesures sont dans les normes
🔍 Vérification de 3 mesure(s) récente(s)...
✅ Toutes les mesures sont dans les normes
🔍 Vérification de 3 mesure(s) récente(s)...
✅ Toutes les mesures sont dans les normes
🔍 Vérification de 3 mesure(s) récente(s)...

🚨 ===== ALERTE DÉTECTÉE =====
📧 EMAIL envoyé à: admin@aquawatch.local
📱 SMS envoyé à: +33 6 12 34 56 78
📍 Capteur: sensor-3
⚠️  Paramètre: TEMPERATURE
📊 Valeur: -1.64 (Seuil: 0)
🔴 Sévérité: WARNING
💬 Message: Température hors norme: -1.64 °C (seuil: 0-30 °C)
🕐 Timestamp: 14/12/2025 22:29:57
================================

🔍 Vérification de 3 mesure(s) récente(s)...
✅ Toutes les mesures sont dans les normes
🔍 Vérification de 3 mesure(s) récente(s)...
✅ Toutes les mesures sont dans les normes
🔍 Vérification de 3 mesure(s) récente(s)...
✅ Toutes les mesures sont dans les normes
🔍 Vérification de 3 mesure(s) récente(s)...
✅ Toutes les mesures sont dans les normes
🔍 Vérification de 3 mesure(s) récente(s)...
✅ Toutes les mesures sont dans les normes
🔍 Vérification de 3 mesure(s) récente(s)...
✅ Toutes les mesures sont dans les normes
🔍 Vérification de 3 mesure(s) récente(s)...
✅ Toutes les mesures sont dans les normes
🔍 Vérification de 3 mesure(s) récente(s)...

🚨 ===== ALERTE DÉTECTÉE =====
📧 EMAIL envoyé à: admin@aquawatch.local
📱 SMS envoyé à: +33 6 12 34 56 78
📍 Capteur: sensor-3
⚠️  Paramètre: TEMPERATURE
📊 Valeur: 34.65 (Seuil: 30)
🔴 Sévérité: WARNING
💬 Message: Température hors norme: 34.65 °C (seuil: 0-30 °C)
🕐 Timestamp: 14/12/2025 22:37:58
================================

🔍 Vérification de 3 mesure(s) récente(s)...
✅ Toutes les mesures sont dans les normes
🔍 Vérification de 3 mesure(s) récente(s)...
✅ Toutes les mesures sont dans les normes
🔍 Vérification de 3 mesure(s) récente(s)...
✅ Toutes les mesures sont dans les normes
🔍 Vérification de 3 mesure(s) récente(s)...
✅ Toutes les mesures sont dans les normes
🔍 Vérification de 3 mesure(s) récente(s)...
✅ Toutes les mesures sont dans les normes
🔍 Vérification de 3 mesure(s) récente(s)...
✅ Toutes les mesures sont dans les normes
🔍 Vérification de 3 mesure(s) récente(s)...
✅ Toutes les mesures sont dans les normes
🔍 Vérification de 3 mesure(s) récente(s)...
✅ Toutes les mesures sont dans les normes
🔍 Vérification de 3 mesure(s) récente(s)...
✅ Toutes les mesures sont dans les normes
